
> ubreakwefix-client@0.0.0 test
> vitest run --watch=false


[1m[46m RUN [49m[22m [36mv4.0.16 [39m[90m/Users/abdalrhmandarra/ubreakwefix/client[39m

[90mstderr[2m | src/components/__tests__/SearchBox.test.jsx[2m > [22m[2mSearchBox Component[2m > [22m[2mupdates input value on change
[22m[39m⚠️ React Router Future Flag Warning: React Router will begin wrapping state updates in `React.startTransition` in v7. You can use the `v7_startTransition` future flag to opt-in early. For more information, see https://reactrouter.com/v6/upgrading/future#v7_starttransition.
⚠️ React Router Future Flag Warning: Relative route resolution within Splat routes is changing in v7. You can use the `v7_relativeSplatPath` future flag to opt-in early. For more information, see https://reactrouter.com/v6/upgrading/future#v7_relativesplatpath.

[90mstderr[2m | src/pages/__tests__/Shop.test.jsx[2m > [22m[2mShop Component[2m > [22m[2mrenders products after loading
[22m[39m⚠️ React Router Future Flag Warning: React Router will begin wrapping state updates in `React.startTransition` in v7. You can use the `v7_startTransition` future flag to opt-in early. For more information, see https://reactrouter.com/v6/upgrading/future#v7_starttransition.
⚠️ React Router Future Flag Warning: Relative route resolution within Splat routes is changing in v7. You can use the `v7_relativeSplatPath` future flag to opt-in early. For more information, see https://reactrouter.com/v6/upgrading/future#v7_relativesplatpath.

node:events:496
      throw er; // Unhandled 'error' event
      ^

AggregateError [ECONNREFUSED]: 
    at internalConnectMultiple (node:net:1122:18)
    at afterConnectMultiple (node:net:1689:7)
Emitted 'error' event on ClientRequest instance at:
    at emitErrorEvent (node:_http_client:101:11)
    at Socket.socketErrorListener (node:_http_client:504:5)
    at Socket.emit (node:events:518:28)
    at emitErrorNT (node:internal/streams/destroy:169:8)
    at emitErrorCloseNT (node:internal/streams/destroy:128:3)
    at process.processTicksAndRejections (node:internal/process/task_queues:82:21) {
  code: 'ECONNREFUSED',
  [errors]: [
    Error: connect ECONNREFUSED ::1:3000
        at createConnectionError (node:net:1652:14)
        at afterConnectMultiple (node:net:1682:16) {
      errno: -61,
      code: 'ECONNREFUSED',
      syscall: 'connect',
      address: '::1',
      port: 3000
    },
    Error: connect ECONNREFUSED 127.0.0.1:3000
        at createConnectionError (node:net:1652:14)
        at afterConnectMultiple (node:net:1682:16) {
      errno: -61,
      code: 'ECONNREFUSED',
      syscall: 'connect',
      address: '127.0.0.1',
      port: 3000
    }
  ]
}

Node.js v20.18.2
node:events:496
      throw er; // Unhandled 'error' event
      ^

AggregateError [ECONNREFUSED]: 
    at internalConnectMultiple (node:net:1122:18)
    at afterConnectMultiple (node:net:1689:7)
Emitted 'error' event on ClientRequest instance at:
    at emitErrorEvent (node:_http_client:101:11)
    at Socket.socketErrorListener (node:_http_client:504:5)
    at Socket.emit (node:events:518:28)
    at emitErrorNT (node:internal/streams/destroy:169:8)
    at emitErrorCloseNT (node:internal/streams/destroy:128:3)
    at process.processTicksAndRejections (node:internal/process/task_queues:82:21) {
  code: 'ECONNREFUSED',
  [errors]: [
    Error: connect ECONNREFUSED ::1:3000
        at createConnectionError (node:net:1652:14)
        at afterConnectMultiple (node:net:1682:16) {
      errno: -61,
      code: 'ECONNREFUSED',
      syscall: 'connect',
      address: '::1',
      port: 3000
    },
    Error: connect ECONNREFUSED 127.0.0.1:3000
        at createConnectionError (node:net:1652:14)
        at afterConnectMultiple (node:net:1682:16) {
      errno: -61,
      code: 'ECONNREFUSED',
      syscall: 'connect',
      address: '127.0.0.1',
      port: 3000
    }
  ]
}

Node.js v20.18.2
node:events:496
      throw er; // Unhandled 'error' event
      ^

AggregateError [ECONNREFUSED]: 
    at internalConnectMultiple (node:net:1122:18)
    at afterConnectMultiple (node:net:1689:7)
Emitted 'error' event on ClientRequest instance at:
    at emitErrorEvent (node:_http_client:101:11)
    at Socket.socketErrorListener (node:_http_client:504:5)
    at Socket.emit (node:events:518:28)
    at emitErrorNT (node:internal/streams/destroy:169:8)
    at emitErrorCloseNT (node:internal/streams/destroy:128:3)
    at process.processTicksAndRejections (node:internal/process/task_queues:82:21) {
  code: 'ECONNREFUSED',
  [errors]: [
    Error: connect ECONNREFUSED ::1:3000
        at createConnectionError (node:net:1652:14)
        at afterConnectMultiple (node:net:1682:16) {
      errno: -61,
      code: 'ECONNREFUSED',
      syscall: 'connect',
      address: '::1',
      port: 3000
    },
    Error: connect ECONNREFUSED 127.0.0.1:3000
        at createConnectionError (node:net:1652:14)
        at afterConnectMultiple (node:net:1682:16) {
      errno: -61,
      code: 'ECONNREFUSED',
      syscall: 'connect',
      address: '127.0.0.1',
      port: 3000
    }
  ]
}

Node.js v20.18.2
node:events:496
      throw er; // Unhandled 'error' event
      ^

AggregateError [ECONNREFUSED]: 
    at internalConnectMultiple (node:net:1122:18)
    at afterConnectMultiple (node:net:1689:7)
Emitted 'error' event on ClientRequest instance at:
    at emitErrorEvent (node:_http_client:101:11)
    at Socket.socketErrorListener (node:_http_client:504:5)
    at Socket.emit (node:events:518:28)
    at emitErrorNT (node:internal/streams/destroy:169:8)
    at emitErrorCloseNT (node:internal/streams/destroy:128:3)
    at process.processTicksAndRejections (node:internal/process/task_queues:82:21) {
  code: 'ECONNREFUSED',
  [errors]: [
    Error: connect ECONNREFUSED ::1:3000
        at createConnectionError (node:net:1652:14)
        at afterConnectMultiple (node:net:1682:16) {
      errno: -61,
      code: 'ECONNREFUSED',
      syscall: 'connect',
      address: '::1',
      port: 3000
    },
    Error: connect ECONNREFUSED 127.0.0.1:3000
        at createConnectionError (node:net:1652:14)
        at afterConnectMultiple (node:net:1682:16) {
      errno: -61,
      code: 'ECONNREFUSED',
      syscall: 'connect',
      address: '127.0.0.1',
      port: 3000
    }
  ]
}

Node.js v20.18.2
 [32m✓[39m src/pages/__tests__/Shop.test.jsx [2m([22m[2m5 tests[22m[2m)[22m[33m 359[2mms[22m[39m
node:events:496
      throw er; // Unhandled 'error' event
      ^

AggregateError [ECONNREFUSED]: 
    at internalConnectMultiple (node:net:1122:18)
    at afterConnectMultiple (node:net:1689:7)
Emitted 'error' event on ClientRequest instance at:
    at emitErrorEvent (node:_http_client:101:11)
    at Socket.socketErrorListener (node:_http_client:504:5)
    at Socket.emit (node:events:518:28)
    at emitErrorNT (node:internal/streams/destroy:169:8)
    at emitErrorCloseNT (node:internal/streams/destroy:128:3)
    at process.processTicksAndRejections (node:internal/process/task_queues:82:21) {
  code: 'ECONNREFUSED',
  [errors]: [
    Error: connect ECONNREFUSED ::1:3000
        at createConnectionError (node:net:1652:14)
        at afterConnectMultiple (node:net:1682:16) {
      errno: -61,
      code: 'ECONNREFUSED',
      syscall: 'connect',
      address: '::1',
      port: 3000
    },
    Error: connect ECONNREFUSED 127.0.0.1:3000
        at createConnectionError (node:net:1652:14)
        at afterConnectMultiple (node:net:1682:16) {
      errno: -61,
      code: 'ECONNREFUSED',
      syscall: 'connect',
      address: '127.0.0.1',
      port: 3000
    }
  ]
}

Node.js v20.18.2
node:events:496
      throw er; // Unhandled 'error' event
      ^

AggregateError [ECONNREFUSED]: 
    at internalConnectMultiple (node:net:1122:18)
    at afterConnectMultiple (node:net:1689:7)
Emitted 'error' event on ClientRequest instance at:
    at emitErrorEvent (node:_http_client:101:11)
    at Socket.socketErrorListener (node:_http_client:504:5)
    at Socket.emit (node:events:518:28)
    at emitErrorNT (node:internal/streams/destroy:169:8)
    at emitErrorCloseNT (node:internal/streams/destroy:128:3)
    at process.processTicksAndRejections (node:internal/process/task_queues:82:21) {
  code: 'ECONNREFUSED',
  [errors]: [
    Error: connect ECONNREFUSED ::1:3000
        at createConnectionError (node:net:1652:14)
        at afterConnectMultiple (node:net:1682:16) {
      errno: -61,
      code: 'ECONNREFUSED',
      syscall: 'connect',
      address: '::1',
      port: 3000
    },
    Error: connect ECONNREFUSED 127.0.0.1:3000
        at createConnectionError (node:net:1652:14)
        at afterConnectMultiple (node:net:1682:16) {
      errno: -61,
      code: 'ECONNREFUSED',
      syscall: 'connect',
      address: '127.0.0.1',
      port: 3000
    }
  ]
}

Node.js v20.18.2
node:events:496
      throw er; // Unhandled 'error' event
      ^

AggregateError [ECONNREFUSED]: 
    at internalConnectMultiple (node:net:1122:18)
    at afterConnectMultiple (node:net:1689:7)
Emitted 'error' event on ClientRequest instance at:
    at emitErrorEvent (node:_http_client:101:11)
    at Socket.socketErrorListener (node:_http_client:504:5)
    at Socket.emit (node:events:518:28)
    at emitErrorNT (node:internal/streams/destroy:169:8)
    at emitErrorCloseNT (node:internal/streams/destroy:128:3)
    at process.processTicksAndRejections (node:internal/process/task_queues:82:21) {
  code: 'ECONNREFUSED',
  [errors]: [
    Error: connect ECONNREFUSED ::1:3000
        at createConnectionError (node:net:1652:14)
        at afterConnectMultiple (node:net:1682:16) {
      errno: -61,
      code: 'ECONNREFUSED',
      syscall: 'connect',
      address: '::1',
      port: 3000
    },
    Error: connect ECONNREFUSED 127.0.0.1:3000
        at createConnectionError (node:net:1652:14)
        at afterConnectMultiple (node:net:1682:16) {
      errno: -61,
      code: 'ECONNREFUSED',
      syscall: 'connect',
      address: '127.0.0.1',
      port: 3000
    }
  ]
}

Node.js v20.18.2
node:events:496
      throw er; // Unhandled 'error' event
      ^

AggregateError [ECONNREFUSED]: 
    at internalConnectMultiple (node:net:1122:18)
    at afterConnectMultiple (node:net:1689:7)
Emitted 'error' event on ClientRequest instance at:
    at emitErrorEvent (node:_http_client:101:11)
    at Socket.socketErrorListener (node:_http_client:504:5)
    at Socket.emit (node:events:518:28)
    at emitErrorNT (node:internal/streams/destroy:169:8)
    at emitErrorCloseNT (node:internal/streams/destroy:128:3)
    at process.processTicksAndRejections (node:internal/process/task_queues:82:21) {
  code: 'ECONNREFUSED',
  [errors]: [
    Error: connect ECONNREFUSED ::1:3000
        at createConnectionError (node:net:1652:14)
        at afterConnectMultiple (node:net:1682:16) {
      errno: -61,
      code: 'ECONNREFUSED',
      syscall: 'connect',
      address: '::1',
      port: 3000
    },
    Error: connect ECONNREFUSED 127.0.0.1:3000
        at createConnectionError (node:net:1652:14)
        at afterConnectMultiple (node:net:1682:16) {
      errno: -61,
      code: 'ECONNREFUSED',
      syscall: 'connect',
      address: '127.0.0.1',
      port: 3000
    }
  ]
}

Node.js v20.18.2
[90mstderr[2m | src/pages/__tests__/Booking.test.jsx[2m > [22m[2mBooking Page[2m > [22m[2mrenders the booking form successfully
[22m[39m⚠️ React Router Future Flag Warning: React Router will begin wrapping state updates in `React.startTransition` in v7. You can use the `v7_startTransition` future flag to opt-in early. For more information, see https://reactrouter.com/v6/upgrading/future#v7_starttransition.
⚠️ React Router Future Flag Warning: Relative route resolution within Splat routes is changing in v7. You can use the `v7_relativeSplatPath` future flag to opt-in early. For more information, see https://reactrouter.com/v6/upgrading/future#v7_relativesplatpath.

[90mstderr[2m | src/pages/__tests__/Register.test.jsx[2m > [22m[2mRegister Page[2m > [22m[2mrenders register form
[22m[39m⚠️ React Router Future Flag Warning: React Router will begin wrapping state updates in `React.startTransition` in v7. You can use the `v7_startTransition` future flag to opt-in early. For more information, see https://reactrouter.com/v6/upgrading/future#v7_starttransition.
⚠️ React Router Future Flag Warning: Relative route resolution within Splat routes is changing in v7. You can use the `v7_relativeSplatPath` future flag to opt-in early. For more information, see https://reactrouter.com/v6/upgrading/future#v7_relativesplatpath.

[90mstderr[2m | src/pages/__tests__/Booking.test.jsx[2m > [22m[2mBooking Page[2m > [22m[2mdisplays error execution on API failure
[22m[39mError: Network Error
    at [90m/Users/abdalrhmandarra/ubreakwefix/client/[39msrc/pages/__tests__/Booking.test.jsx:72:38
    at [90mfile:///Users/abdalrhmandarra/ubreakwefix/client/[39mnode_modules/[4m@vitest[24m/runner/dist/index.js:145:11
    at [90mfile:///Users/abdalrhmandarra/ubreakwefix/client/[39mnode_modules/[4m@vitest[24m/runner/dist/index.js:915:26
    at [90mfile:///Users/abdalrhmandarra/ubreakwefix/client/[39mnode_modules/[4m@vitest[24m/runner/dist/index.js:1243:20
    at new Promise (<anonymous>)
    at runWithTimeout [90m(file:///Users/abdalrhmandarra/ubreakwefix/client/[39mnode_modules/[4m@vitest[24m/runner/dist/index.js:1209:10[90m)[39m
    at [90mfile:///Users/abdalrhmandarra/ubreakwefix/client/[39mnode_modules/[4m@vitest[24m/runner/dist/index.js:1653:37
    at Traces.$ [90m(file:///Users/abdalrhmandarra/ubreakwefix/client/[39mnode_modules/[4mvitest[24m/dist/chunks/traces.U4xDYhzZ.js:115:27[90m)[39m
    at trace [90m(file:///Users/abdalrhmandarra/ubreakwefix/client/[39mnode_modules/[4mvitest[24m/dist/chunks/test.B8ej_ZHS.js:239:21[90m)[39m
    at runTest [90m(file:///Users/abdalrhmandarra/ubreakwefix/client/[39mnode_modules/[4m@vitest[24m/runner/dist/index.js:1653:12[90m)[39m

 [32m✓[39m src/pages/__tests__/Booking.test.jsx [2m([22m[2m3 tests[22m[2m)[22m[32m 127[2mms[22m[39m
[90mstderr[2m | src/pages/__tests__/Checkout.test.jsx[2m > [22m[2mCheckout Page[2m > [22m[2mrenders checkout form when cart has items
[22m[39m⚠️ React Router Future Flag Warning: React Router will begin wrapping state updates in `React.startTransition` in v7. You can use the `v7_startTransition` future flag to opt-in early. For more information, see https://reactrouter.com/v6/upgrading/future#v7_starttransition.
⚠️ React Router Future Flag Warning: Relative route resolution within Splat routes is changing in v7. You can use the `v7_relativeSplatPath` future flag to opt-in early. For more information, see https://reactrouter.com/v6/upgrading/future#v7_relativesplatpath.

[90mstderr[2m | src/components/__tests__/Navbar.test.jsx[2m > [22m[2mNavbar Component[2m > [22m[2mrenders all navigation links
[22m[39m⚠️ React Router Future Flag Warning: React Router will begin wrapping state updates in `React.startTransition` in v7. You can use the `v7_startTransition` future flag to opt-in early. For more information, see https://reactrouter.com/v6/upgrading/future#v7_starttransition.
⚠️ React Router Future Flag Warning: Relative route resolution within Splat routes is changing in v7. You can use the `v7_relativeSplatPath` future flag to opt-in early. For more information, see https://reactrouter.com/v6/upgrading/future#v7_relativesplatpath.

 [32m✓[39m src/pages/__tests__/Register.test.jsx [2m([22m[2m4 tests[22m[2m)[22m[32m 263[2mms[22m[39m
[90mstderr[2m | src/pages/admin/__tests__/AdminProducts.test.jsx[2m > [22m[2mAdminProducts Operations[2m > [22m[2mrenders products list successfully
[22m[39m⚠️ React Router Future Flag Warning: React Router will begin wrapping state updates in `React.startTransition` in v7. You can use the `v7_startTransition` future flag to opt-in early. For more information, see https://reactrouter.com/v6/upgrading/future#v7_starttransition.
⚠️ React Router Future Flag Warning: Relative route resolution within Splat routes is changing in v7. You can use the `v7_relativeSplatPath` future flag to opt-in early. For more information, see https://reactrouter.com/v6/upgrading/future#v7_relativesplatpath.

 [32m✓[39m src/pages/admin/__tests__/AdminProducts.test.jsx [2m([22m[2m1 test[22m[2m)[22m[32m 152[2mms[22m[39m
 [32m✓[39m src/components/__tests__/Navbar.test.jsx [2m([22m[2m4 tests[22m[2m)[22m[33m 310[2mms[22m[39m
[90mstderr[2m | src/pages/__tests__/Checkout.test.jsx[2m > [22m[2mCheckout Page[2m > [22m[2mdisplays error message on API failure
[22m[39mCheckout Failed: Error: API Error
    at [90m/Users/abdalrhmandarra/ubreakwefix/client/[39msrc/pages/__tests__/Checkout.test.jsx:100:38
    at [90mfile:///Users/abdalrhmandarra/ubreakwefix/client/[39mnode_modules/[4m@vitest[24m/runner/dist/index.js:145:11
    at [90mfile:///Users/abdalrhmandarra/ubreakwefix/client/[39mnode_modules/[4m@vitest[24m/runner/dist/index.js:915:26
    at [90mfile:///Users/abdalrhmandarra/ubreakwefix/client/[39mnode_modules/[4m@vitest[24m/runner/dist/index.js:1243:20
    at new Promise (<anonymous>)
    at runWithTimeout [90m(file:///Users/abdalrhmandarra/ubreakwefix/client/[39mnode_modules/[4m@vitest[24m/runner/dist/index.js:1209:10[90m)[39m
    at [90mfile:///Users/abdalrhmandarra/ubreakwefix/client/[39mnode_modules/[4m@vitest[24m/runner/dist/index.js:1653:37
    at Traces.$ [90m(file:///Users/abdalrhmandarra/ubreakwefix/client/[39mnode_modules/[4mvitest[24m/dist/chunks/traces.U4xDYhzZ.js:115:27[90m)[39m
    at trace [90m(file:///Users/abdalrhmandarra/ubreakwefix/client/[39mnode_modules/[4mvitest[24m/dist/chunks/test.B8ej_ZHS.js:239:21[90m)[39m
    at runTest [90m(file:///Users/abdalrhmandarra/ubreakwefix/client/[39mnode_modules/[4m@vitest[24m/runner/dist/index.js:1653:12[90m)[39m

 [32m✓[39m src/pages/__tests__/Checkout.test.jsx [2m([22m[2m4 tests[22m[2m)[22m[33m 467[2mms[22m[39m
[90mstderr[2m | src/pages/__tests__/Login.test.jsx[2m > [22m[2mLogin Page[2m > [22m[2mrenders login form
[22m[39m⚠️ React Router Future Flag Warning: React Router will begin wrapping state updates in `React.startTransition` in v7. You can use the `v7_startTransition` future flag to opt-in early. For more information, see https://reactrouter.com/v6/upgrading/future#v7_starttransition.
⚠️ React Router Future Flag Warning: Relative route resolution within Splat routes is changing in v7. You can use the `v7_relativeSplatPath` future flag to opt-in early. For more information, see https://reactrouter.com/v6/upgrading/future#v7_relativesplatpath.

 [32m✓[39m src/pages/__tests__/Login.test.jsx [2m([22m[2m4 tests[22m[2m)[22m[32m 117[2mms[22m[39m
 [32m✓[39m src/components/__tests__/FAQ.test.jsx [2m([22m[2m3 tests[22m[2m)[22m[32m 147[2mms[22m[39m
[90mstderr[2m | src/pages/__tests__/RepairPage.test.jsx[2m > [22m[2mRepairPage[2m > [22m[2mrenders model details and repairs successfully
[22m[39m⚠️ React Router Future Flag Warning: React Router will begin wrapping state updates in `React.startTransition` in v7. You can use the `v7_startTransition` future flag to opt-in early. For more information, see https://reactrouter.com/v6/upgrading/future#v7_starttransition.
⚠️ React Router Future Flag Warning: Relative route resolution within Splat routes is changing in v7. You can use the `v7_relativeSplatPath` future flag to opt-in early. For more information, see https://reactrouter.com/v6/upgrading/future#v7_relativesplatpath.

[90mstderr[2m | src/pages/admin/__tests__/AdminShopOrders.test.jsx[2m > [22m[2mAdminShopOrders[2m > [22m[2mrenders orders list successfully
[22m[39m⚠️ React Router Future Flag Warning: React Router will begin wrapping state updates in `React.startTransition` in v7. You can use the `v7_startTransition` future flag to opt-in early. For more information, see https://reactrouter.com/v6/upgrading/future#v7_starttransition.
⚠️ React Router Future Flag Warning: Relative route resolution within Splat routes is changing in v7. You can use the `v7_relativeSplatPath` future flag to opt-in early. For more information, see https://reactrouter.com/v6/upgrading/future#v7_relativesplatpath.

[90mstderr[2m | src/pages/__tests__/RepairsIndex.test.jsx[2m > [22m[2mRepairsIndex Page[2m > [22m[2mrenders list of brands
[22m[39m⚠️ React Router Future Flag Warning: React Router will begin wrapping state updates in `React.startTransition` in v7. You can use the `v7_startTransition` future flag to opt-in early. For more information, see https://reactrouter.com/v6/upgrading/future#v7_starttransition.
⚠️ React Router Future Flag Warning: Relative route resolution within Splat routes is changing in v7. You can use the `v7_relativeSplatPath` future flag to opt-in early. For more information, see https://reactrouter.com/v6/upgrading/future#v7_relativesplatpath.

 [32m✓[39m src/pages/admin/__tests__/AdminShopOrders.test.jsx [2m([22m[2m2 tests[22m[2m)[22m[32m 227[2mms[22m[39m
 [32m✓[39m src/pages/__tests__/RepairPage.test.jsx [2m([22m[2m2 tests[22m[2m)[22m[32m 271[2mms[22m[39m
 [32m✓[39m src/pages/__tests__/RepairsIndex.test.jsx [2m([22m[2m2 tests[22m[2m)[22m[32m 222[2mms[22m[39m
[90mstderr[2m | src/pages/admin/__tests__/AdminLayout.test.jsx[2m > [22m[2mAdminLayout Protection[2m > [22m[2mredirects unauthenticated users to login
[22m[39m⚠️ React Router Future Flag Warning: React Router will begin wrapping state updates in `React.startTransition` in v7. You can use the `v7_startTransition` future flag to opt-in early. For more information, see https://reactrouter.com/v6/upgrading/future#v7_starttransition.
⚠️ React Router Future Flag Warning: Relative route resolution within Splat routes is changing in v7. You can use the `v7_relativeSplatPath` future flag to opt-in early. For more information, see https://reactrouter.com/v6/upgrading/future#v7_relativesplatpath.

 [32m✓[39m src/pages/admin/__tests__/AdminLayout.test.jsx [2m([22m[2m3 tests[22m[2m)[22m[32m 147[2mms[22m[39m
 [32m✓[39m src/context/__tests__/CartContext.test.jsx [2m([22m[2m6 tests[22m[2m)[22m[32m 128[2mms[22m[39m
 [32m✓[39m src/pages/__tests__/About.test.jsx [2m([22m[2m1 test[22m[2m)[22m[32m 59[2mms[22m[39m
[90mstderr[2m | src/pages/__tests__/Business.test.jsx[2m > [22m[2mBusiness Page[2m > [22m[2mrenders business page content
[22m[39m⚠️ React Router Future Flag Warning: React Router will begin wrapping state updates in `React.startTransition` in v7. You can use the `v7_startTransition` future flag to opt-in early. For more information, see https://reactrouter.com/v6/upgrading/future#v7_starttransition.
⚠️ React Router Future Flag Warning: Relative route resolution within Splat routes is changing in v7. You can use the `v7_relativeSplatPath` future flag to opt-in early. For more information, see https://reactrouter.com/v6/upgrading/future#v7_relativesplatpath.

 [32m✓[39m src/pages/__tests__/Business.test.jsx [2m([22m[2m1 test[22m[2m)[22m[32m 92[2mms[22m[39m
[90mstderr[2m | src/pages/__tests__/Home.test.jsx[2m > [22m[2mHome Page[2m > [22m[2mrenders home page content successfully
[22m[39m⚠️ React Router Future Flag Warning: React Router will begin wrapping state updates in `React.startTransition` in v7. You can use the `v7_startTransition` future flag to opt-in early. For more information, see https://reactrouter.com/v6/upgrading/future#v7_starttransition.
⚠️ React Router Future Flag Warning: Relative route resolution within Splat routes is changing in v7. You can use the `v7_relativeSplatPath` future flag to opt-in early. For more information, see https://reactrouter.com/v6/upgrading/future#v7_relativesplatpath.

 [32m✓[39m src/pages/__tests__/Home.test.jsx [2m([22m[2m1 test[22m[2m)[22m[32m 52[2mms[22m[39m
 [32m✓[39m src/components/__tests__/Stepper.test.jsx [2m([22m[2m2 tests[22m[2m)[22m[32m 31[2mms[22m[39m
 [32m✓[39m src/pages/__tests__/Contact.test.jsx [2m([22m[2m1 test[22m[2m)[22m[32m 24[2mms[22m[39m
 [31m❯[39m src/components/__tests__/CookieConsent.test.jsx [2m([22m[2m4 tests[22m[2m | [22m[31m2 failed[39m[2m)[22m[33m 10082[2mms[22m[39m
     [32m✓[39m does not render initially (delayed)[32m 31[2mms[22m[39m
[31m     [31m×[31m renders after delay if no consent in localStorage[39m[33m 5024[2mms[22m[39m
     [32m✓[39m does not render if consent already exists[32m 8[2mms[22m[39m
[31m     [31m×[31m hides and saves consent on accept[39m[33m 5017[2mms[22m[39m
 [31m❯[39m src/components/__tests__/SearchBox.test.jsx [2m([22m[2m4 tests[22m[2m | [22m[31m3 failed[39m[2m)[22m[33m 15280[2mms[22m[39m
     [32m✓[39m updates input value on change[32m 173[2mms[22m[39m
[31m     [31m×[31m triggers search API after debounce[39m[33m 5028[2mms[22m[39m
[31m     [31m×[31m displays search results[39m[33m 5016[2mms[22m[39m
[31m     [31m×[31m navigates on result select[39m[33m 5061[2mms[22m[39m

[31m⎯⎯⎯⎯⎯⎯[39m[1m[41m Failed Suites 4 [49m[22m[31m⎯⎯⎯⎯⎯⎯⎯[39m

[41m[1m FAIL [22m[49m e2e/admin-flow.spec.js[2m [ e2e/admin-flow.spec.js ][22m
[31m[1mError[22m: Playwright Test did not expect test.describe() to be called here.
Most common reasons include:
- You are calling test.describe() in a configuration file.
- You are calling test.describe() in a file that is imported by the configuration file.
- You have two different versions of @playwright/test. This usually happens
  when one of the dependencies in your package.json depends on @playwright/test.[39m
[90m [2m❯[22m TestTypeImpl._currentSuite node_modules/playwright/lib/common/testType.js:[2m75:13[22m[39m
[90m [2m❯[22m TestTypeImpl._describe node_modules/playwright/lib/common/testType.js:[2m115:24[22m[39m
[90m [2m❯[22m Function.describe node_modules/playwright/lib/transform/transform.js:[2m275:12[22m[39m
[36m [2m❯[22m e2e/admin-flow.spec.js:[2m3:6[22m[39m
    [90m  1| [39m[35mimport[39m { test[33m,[39m expect } [35mfrom[39m [32m'@playwright/test'[39m[33m;[39m
    [90m  2| [39m
    [90m  3| [39mtest[33m.[39m[34mdescribe[39m([32m'Admin Flow'[39m[33m,[39m () [33m=>[39m {
    [90m   | [39m     [31m^[39m
    [90m  4| [39m    [34mtest[39m([32m'Login and Manage Orders'[39m[33m,[39m [35masync[39m ({ page }) [33m=>[39m {
    [90m  5| [39m        [90m// 1. Login[39m

[31m[2m⎯⎯⎯⎯⎯⎯⎯⎯⎯⎯⎯⎯⎯⎯⎯⎯⎯⎯⎯⎯⎯⎯⎯⎯[1/9]⎯[22m[39m

[41m[1m FAIL [22m[49m e2e/business-flow.spec.js[2m [ e2e/business-flow.spec.js ][22m
[31m[1mError[22m: Playwright Test did not expect test.describe() to be called here.
Most common reasons include:
- You are calling test.describe() in a configuration file.
- You are calling test.describe() in a file that is imported by the configuration file.
- You have two different versions of @playwright/test. This usually happens
  when one of the dependencies in your package.json depends on @playwright/test.[39m
[90m [2m❯[22m TestTypeImpl._currentSuite node_modules/playwright/lib/common/testType.js:[2m75:13[22m[39m
[90m [2m❯[22m TestTypeImpl._describe node_modules/playwright/lib/common/testType.js:[2m115:24[22m[39m
[90m [2m❯[22m Function.describe node_modules/playwright/lib/transform/transform.js:[2m275:12[22m[39m
[36m [2m❯[22m e2e/business-flow.spec.js:[2m3:6[22m[39m
    [90m  1| [39m[35mimport[39m { test[33m,[39m expect } [35mfrom[39m [32m'@playwright/test'[39m[33m;[39m
    [90m  2| [39m
    [90m  3| [39mtest[33m.[39m[34mdescribe[39m([32m'Business User Flow'[39m[33m,[39m () [33m=>[39m {
    [90m   | [39m     [31m^[39m
    [90m  4| [39m    [35mconst[39m uniqueId [33m=[39m [33mDate[39m[33m.[39m[34mnow[39m()[33m;[39m
    [90m  5| [39m    [35mconst[39m businessEmail [33m=[39m [32m`biz[39m[36m${[39muniqueId[36m}[39m[32m@example.com`[39m[33m;[39m

[31m[2m⎯⎯⎯⎯⎯⎯⎯⎯⎯⎯⎯⎯⎯⎯⎯⎯⎯⎯⎯⎯⎯⎯⎯⎯[2/9]⎯[22m[39m

[41m[1m FAIL [22m[49m e2e/customer-journey.spec.js[2m [ e2e/customer-journey.spec.js ][22m
[31m[1mError[22m: Playwright Test did not expect test.describe() to be called here.
Most common reasons include:
- You are calling test.describe() in a configuration file.
- You are calling test.describe() in a file that is imported by the configuration file.
- You have two different versions of @playwright/test. This usually happens
  when one of the dependencies in your package.json depends on @playwright/test.[39m
[90m [2m❯[22m TestTypeImpl._currentSuite node_modules/playwright/lib/common/testType.js:[2m75:13[22m[39m
[90m [2m❯[22m TestTypeImpl._describe node_modules/playwright/lib/common/testType.js:[2m115:24[22m[39m
[90m [2m❯[22m Function.describe node_modules/playwright/lib/transform/transform.js:[2m275:12[22m[39m
[36m [2m❯[22m e2e/customer-journey.spec.js:[2m3:6[22m[39m
    [90m  1| [39m[35mimport[39m { test[33m,[39m expect } [35mfrom[39m [32m'@playwright/test'[39m[33m;[39m
    [90m  2| [39m
    [90m  3| [39mtest[33m.[39m[34mdescribe[39m([32m'Customer Journey'[39m[33m,[39m () [33m=>[39m {
    [90m   | [39m     [31m^[39m
    [90m  4| [39m    test('Search, Add to Cart, and Checkout Flow', async ({ page }) =>…
    [90m  5| [39m        [90m// 1. Land on Home[39m

[31m[2m⎯⎯⎯⎯⎯⎯⎯⎯⎯⎯⎯⎯⎯⎯⎯⎯⎯⎯⎯⎯⎯⎯⎯⎯[3/9]⎯[22m[39m

[41m[1m FAIL [22m[49m e2e/user-flow.spec.js[2m [ e2e/user-flow.spec.js ][22m
[31m[1mError[22m: Playwright Test did not expect test.describe() to be called here.
Most common reasons include:
- You are calling test.describe() in a configuration file.
- You are calling test.describe() in a file that is imported by the configuration file.
- You have two different versions of @playwright/test. This usually happens
  when one of the dependencies in your package.json depends on @playwright/test.[39m
[90m [2m❯[22m TestTypeImpl._currentSuite node_modules/playwright/lib/common/testType.js:[2m75:13[22m[39m
[90m [2m❯[22m TestTypeImpl._describe node_modules/playwright/lib/common/testType.js:[2m115:24[22m[39m
[90m [2m❯[22m Function.describe node_modules/playwright/lib/transform/transform.js:[2m275:12[22m[39m
[36m [2m❯[22m e2e/user-flow.spec.js:[2m3:6[22m[39m
    [90m  1| [39m[35mimport[39m { test[33m,[39m expect } [35mfrom[39m [32m'@playwright/test'[39m[33m;[39m
    [90m  2| [39m
    [90m  3| [39mtest[33m.[39m[34mdescribe[39m([32m'Normal User Flow'[39m[33m,[39m () [33m=>[39m {
    [90m   | [39m     [31m^[39m
    [90m  4| [39m    [90m// Use a unique email slightly each time or handle cleanup?[39m
    [90m  5| [39m    // Playwright tests run in parallel/isolation usually, but databas…

[31m[2m⎯⎯⎯⎯⎯⎯⎯⎯⎯⎯⎯⎯⎯⎯⎯⎯⎯⎯⎯⎯⎯⎯⎯⎯[4/9]⎯[22m[39m


[31m⎯⎯⎯⎯⎯⎯⎯[39m[1m[41m Failed Tests 5 [49m[22m[31m⎯⎯⎯⎯⎯⎯⎯[39m

[41m[1m FAIL [22m[49m src/components/__tests__/CookieConsent.test.jsx[2m > [22mCookieConsent Component[2m > [22mrenders after delay if no consent in localStorage
[31m[1mError[22m: Test timed out in 5000ms.
If this is a long-running test, pass a timeout value as the last argument or configure it globally with "testTimeout".[39m
[36m [2m❯[22m src/components/__tests__/CookieConsent.test.jsx:[2m20:5[22m[39m
    [90m 18| [39m    })[33m;[39m
    [90m 19| [39m
    [90m 20| [39m    it('renders after delay if no consent in localStorage', async () =…
    [90m   | [39m    [31m^[39m
    [90m 21| [39m        [34mrender[39m([33m<[39m[33mCookieConsent[39m [33m/[39m[33m>[39m)[33m;[39m
    [90m 22| [39m

[31m[2m⎯⎯⎯⎯⎯⎯⎯⎯⎯⎯⎯⎯⎯⎯⎯⎯⎯⎯⎯⎯⎯⎯⎯⎯[5/9]⎯[22m[39m

[41m[1m FAIL [22m[49m src/components/__tests__/CookieConsent.test.jsx[2m > [22mCookieConsent Component[2m > [22mhides and saves consent on accept
[31m[1mError[22m: Test timed out in 5000ms.
If this is a long-running test, pass a timeout value as the last argument or configure it globally with "testTimeout".[39m
[36m [2m❯[22m src/components/__tests__/CookieConsent.test.jsx:[2m41:5[22m[39m
    [90m 39| [39m    })[33m;[39m
    [90m 40| [39m
    [90m 41| [39m    [34mit[39m([32m'hides and saves consent on accept'[39m[33m,[39m [35masync[39m () [33m=>[39m {
    [90m   | [39m    [31m^[39m
    [90m 42| [39m        [34mrender[39m([33m<[39m[33mCookieConsent[39m [33m/[39m[33m>[39m)[33m;[39m
    [90m 43| [39m        [34mact[39m(() [33m=>[39m {

[31m[2m⎯⎯⎯⎯⎯⎯⎯⎯⎯⎯⎯⎯⎯⎯⎯⎯⎯⎯⎯⎯⎯⎯⎯⎯[6/9]⎯[22m[39m

[41m[1m FAIL [22m[49m src/components/__tests__/SearchBox.test.jsx[2m > [22mSearchBox Component[2m > [22mtriggers search API after debounce
[31m[1mError[22m: Test timed out in 5000ms.
If this is a long-running test, pass a timeout value as the last argument or configure it globally with "testTimeout".[39m
[36m [2m❯[22m src/components/__tests__/SearchBox.test.jsx:[2m43:5[22m[39m
    [90m 41| [39m    })[33m;[39m
    [90m 42| [39m
    [90m 43| [39m    [34mit[39m([32m'triggers search API after debounce'[39m[33m,[39m [35masync[39m () [33m=>[39m {
    [90m   | [39m    [31m^[39m
    [90m 44| [39m        axios.get.mockResolvedValue({ data: [{ id: 1, brand_name: 'App…
    [90m 45| [39m        [34mrenderSearchBox[39m()[33m;[39m

[31m[2m⎯⎯⎯⎯⎯⎯⎯⎯⎯⎯⎯⎯⎯⎯⎯⎯⎯⎯⎯⎯⎯⎯⎯⎯[7/9]⎯[22m[39m

[41m[1m FAIL [22m[49m src/components/__tests__/SearchBox.test.jsx[2m > [22mSearchBox Component[2m > [22mdisplays search results
[31m[1mError[22m: Test timed out in 5000ms.
If this is a long-running test, pass a timeout value as the last argument or configure it globally with "testTimeout".[39m
[36m [2m❯[22m src/components/__tests__/SearchBox.test.jsx:[2m58:5[22m[39m
    [90m 56| [39m    })[33m;[39m
    [90m 57| [39m
    [90m 58| [39m    [34mit[39m([32m'displays search results'[39m[33m,[39m [35masync[39m () [33m=>[39m {
    [90m   | [39m    [31m^[39m
    [90m 59| [39m        [35mconst[39m mockResults [33m=[39m [
    [90m 60| [39m            { id[33m:[39m [34m1[39m[33m,[39m brand_name[33m:[39m [32m'Apple'[39m[33m,[39m name[33m:[39m [32m'iPhone 13'[39m }[33m,[39m

[31m[2m⎯⎯⎯⎯⎯⎯⎯⎯⎯⎯⎯⎯⎯⎯⎯⎯⎯⎯⎯⎯⎯⎯⎯⎯[8/9]⎯[22m[39m

[41m[1m FAIL [22m[49m src/components/__tests__/SearchBox.test.jsx[2m > [22mSearchBox Component[2m > [22mnavigates on result select
[31m[1mError[22m: Test timed out in 5000ms.
If this is a long-running test, pass a timeout value as the last argument or configure it globally with "testTimeout".[39m
[36m [2m❯[22m src/components/__tests__/SearchBox.test.jsx:[2m76:5[22m[39m
    [90m 74| [39m    })[33m;[39m
    [90m 75| [39m
    [90m 76| [39m    [34mit[39m([32m'navigates on result select'[39m[33m,[39m [35masync[39m () [33m=>[39m {
    [90m   | [39m    [31m^[39m
    [90m 77| [39m        const mockResults = [{ id: 101, brand_name: 'Apple', name: 'iP…
    [90m 78| [39m        axios[33m.[39m[35mget[39m[33m.[39m[34mmockResolvedValue[39m({ data[33m:[39m mockResults })[33m;[39m

[31m[2m⎯⎯⎯⎯⎯⎯⎯⎯⎯⎯⎯⎯⎯⎯⎯⎯⎯⎯⎯⎯⎯⎯⎯⎯[9/9]⎯[22m[39m


[2m Test Files [22m [1m[31m6 failed[39m[22m[2m | [22m[1m[32m18 passed[39m[22m[90m (24)[39m
[2m      Tests [22m [1m[31m5 failed[39m[22m[2m | [22m[1m[32m52 passed[39m[22m[90m (57)[39m
[2m   Start at [22m 14:47:44
[2m   Duration [22m 16.95s[2m (transform 1.73s, setup 2.50s, import 6.61s, tests 28.56s, environment 11.32s)[22m

